[0.005s][info][gc] Using Serial
[6.069s][info][gc] GC(0) Pause Young (Allocation Failure) 4M->2M(15M) 3.153ms
[6.149s][info][gc] GC(1) Pause Young (Allocation Failure) 6M->3M(15M) 2.809ms
[6.203s][info][gc] GC(2) Pause Young (Allocation Failure) 7M->4M(15M) 3.210ms
[6.314s][info][gc] GC(3) Pause Young (Allocation Failure) 8M->4M(15M) 2.656ms
[6.482s][info][gc] GC(4) Pause Young (Allocation Failure) 9M->5M(15M) 3.139ms
[32.586s][info][gc] GC(5) Pause Young (Allocation Failure) 10M->5M(15M) 1.824ms
[38.007s][info][gc] GC(6) Pause Young (Allocation Failure) 10M->5M(15M) 0.619ms
[38.016s][info][gc] GC(7) Pause Young (Allocation Failure) 10M->5M(15M) 0.643ms
[38.023s][info][gc] GC(8) Pause Young (Allocation Failure) 10M->5M(15M) 0.684ms
[38.033s][info][gc] GC(9) Pause Young (Allocation Failure) 10M->5M(15M) 0.574ms
[38.038s][info][gc] GC(10) Pause Young (Allocation Failure) 10M->5M(15M) 0.519ms
[38.043s][info][gc] GC(11) Pause Young (Allocation Failure) 10M->5M(15M) 0.637ms
[38.047s][info][gc] GC(12) Pause Young (Allocation Failure) 10M->5M(15M) 0.601ms
[38.051s][info][gc] GC(13) Pause Young (Allocation Failure) 10M->5M(15M) 0.452ms
[38.055s][info][gc] GC(14) Pause Young (Allocation Failure) 10M->5M(15M) 0.477ms
[38.059s][info][gc] GC(15) Pause Young (Allocation Failure) 10M->5M(15M) 0.484ms
[38.063s][info][gc] GC(16) Pause Young (Allocation Failure) 10M->5M(15M) 0.415ms
[38.067s][info][gc] GC(17) Pause Young (Allocation Failure) 10M->5M(15M) 0.477ms
[38.070s][info][gc] GC(18) Pause Young (Allocation Failure) 10M->5M(15M) 0.531ms
[38.074s][info][gc] GC(19) Pause Young (Allocation Failure) 10M->5M(15M) 0.490ms
[38.077s][info][gc] GC(20) Pause Young (Allocation Failure) 10M->5M(15M) 0.539ms
[38.079s][info][gc] GC(21) Pause Young (Allocation Failure) 10M->5M(15M) 0.325ms
[38.082s][info][gc] GC(22) Pause Young (Allocation Failure) 10M->5M(15M) 0.226ms
[38.084s][info][gc] GC(23) Pause Young (Allocation Failure) 10M->5M(15M) 0.240ms
[44.630s][info][gc] GC(24) Pause Young (Allocation Failure) 10M->5M(15M) 0.453ms
[82.774s][info][gc] GC(25) Pause Young (Allocation Failure) 10M->5M(15M) 1.759ms
[99.160s][info][gc] GC(26) Pause Young (Allocation Failure) 10M->5M(15M) 0.481ms
[99.163s][info][gc] GC(27) Pause Young (Allocation Failure) 10M->5M(15M) 0.392ms
[99.166s][info][gc] GC(28) Pause Young (Allocation Failure) 10M->5M(15M) 0.368ms
[99.169s][info][gc] GC(29) Pause Young (Allocation Failure) 10M->5M(15M) 0.380ms
[99.171s][info][gc] GC(30) Pause Young (Allocation Failure) 10M->5M(15M) 0.327ms
[99.174s][info][gc] GC(31) Pause Young (Allocation Failure) 10M->5M(15M) 0.353ms
[99.176s][info][gc] GC(32) Pause Young (Allocation Failure) 10M->5M(15M) 0.251ms
[99.179s][info][gc] GC(33) Pause Young (Allocation Failure) 10M->5M(15M) 0.298ms
[99.182s][info][gc] GC(34) Pause Young (Allocation Failure) 10M->5M(15M) 0.415ms
[99.185s][info][gc] GC(35) Pause Young (Allocation Failure) 10M->5M(15M) 0.392ms
[99.187s][info][gc] GC(36) Pause Young (Allocation Failure) 10M->5M(15M) 0.348ms
[99.189s][info][gc] GC(37) Pause Young (Allocation Failure) 10M->5M(15M) 0.321ms
[99.192s][info][gc] GC(38) Pause Young (Allocation Failure) 10M->5M(15M) 0.259ms
[99.194s][info][gc] GC(39) Pause Young (Allocation Failure) 10M->5M(15M) 0.293ms
[99.196s][info][gc] GC(40) Pause Young (Allocation Failure) 10M->5M(15M) 0.203ms
[99.198s][info][gc] GC(41) Pause Young (Allocation Failure) 10M->5M(15M) 0.211ms
[99.200s][info][gc] GC(42) Pause Young (Allocation Failure) 10M->5M(15M) 0.230ms
[99.202s][info][gc] GC(43) Pause Young (Allocation Failure) 10M->5M(15M) 0.163ms
[99.204s][info][gc] GC(44) Pause Young (Allocation Failure) 10M->5M(15M) 0.200ms
[133.985s][info][gc] GC(45) Pause Young (Allocation Failure) 10M->5M(15M) 0.335ms
