[0.006s][info][gc] Using Serial
[3.236s][info][gc] GC(0) Pause Young (Allocation Failure) 4M->2M(15M) 2.861ms
[3.312s][info][gc] GC(1) Pause Young (Allocation Failure) 6M->3M(15M) 3.002ms
[3.369s][info][gc] GC(2) Pause Young (Allocation Failure) 7M->4M(15M) 3.277ms
[3.475s][info][gc] GC(3) Pause Young (Allocation Failure) 8M->4M(15M) 2.246ms
[3.644s][info][gc] GC(4) Pause Young (Allocation Failure) 9M->5M(15M) 3.260ms
[29.801s][info][gc] GC(5) Pause Young (Allocation Failure) 10M->5M(15M) 1.845ms
[39.233s][info][gc] GC(6) Pause Young (Allocation Failure) 10M->7M(15M) 2.282ms
[39.247s][info][gc] GC(7) Pause Young (Allocation Failure) 11M->10M(15M) 3.596ms
[39.259s][info][gc] GC(8) Pause Young (Allocation Failure) 14M->14M(15M) 0.030ms
[39.280s][info][gc] GC(9) Pause Full (Allocation Failure) 14M->8M(15M) 16.844ms
[39.291s][info][gc] GC(10) Pause Young (Allocation Failure) 13M->13M(15M) 0.030ms
[39.306s][info][gc] GC(11) Pause Full (Allocation Failure) 13M->7M(15M) 15.128ms
[39.318s][info][gc] GC(12) Pause Young (Allocation Failure) 11M->10M(15M) 3.033ms
[39.326s][info][gc] GC(13) Pause Young (Allocation Failure) 14M->14M(15M) 0.032ms
[39.344s][info][gc] GC(14) Pause Full (Allocation Failure) 14M->8M(15M) 17.611ms
[40.860s][info][gc] GC(15) Pause Young (Allocation Failure) 13M->13M(15M) 0.029ms
[40.874s][info][gc] GC(16) Pause Full (Allocation Failure) 13M->6M(15M) 14.097ms
[77.035s][info][gc] GC(17) Pause Young (Allocation Failure) 10M->6M(15M) 1.156ms
[98.391s][info][gc] GC(18) Pause Young (Allocation Failure) 10M->7M(15M) 1.551ms
[98.401s][info][gc] GC(19) Pause Young (Allocation Failure) 11M->9M(15M) 2.874ms
[98.408s][info][gc] GC(20) Pause Young (Allocation Failure) 14M->14M(15M) 0.030ms
[98.426s][info][gc] GC(21) Pause Full (Allocation Failure) 14M->8M(15M) 18.496ms
[98.434s][info][gc] GC(22) Pause Young (Allocation Failure) 12M->12M(15M) 0.044ms
[98.447s][info][gc] GC(23) Pause Full (Allocation Failure) 12M->7M(15M) 13.146ms
[98.457s][info][gc] GC(24) Pause Young (Allocation Failure) 11M->10M(15M) 2.967ms
[98.464s][info][gc] GC(25) Pause Young (Allocation Failure) 14M->14M(15M) 0.042ms
[98.481s][info][gc] GC(26) Pause Full (Allocation Failure) 14M->8M(15M) 16.416ms
[98.486s][info][gc] GC(27) Pause Young (Allocation Failure) 12M->12M(15M) 0.030ms
[98.500s][info][gc] GC(28) Pause Full (Allocation Failure) 12M->7M(15M) 13.839ms
[126.227s][info][gc] GC(29) Pause Young (Allocation Failure) 11M->7M(15M) 1.210ms
