[0.007s][info][gc] Using The Z Garbage Collector
[0.137s][info][gc] GC(0) Garbage Collection (Warmup) 4M(25%)->6M(38%)
[0.239s][info][gc] GC(1) Garbage Collection (Warmup) 6M(38%)->4M(25%)
[1.143s][info][gc] GC(2) Garbage Collection (Warmup) 6M(38%)->4M(25%)
[4.538s][info][gc] GC(3) Garbage Collection (Proactive) 10M(62%)->8M(50%)
[4.628s][info][gc] Relocation Stall (Attach Listener) 0.365ms
[4.628s][info][gc] Allocation Stall (Attach Listener) 13.670ms
[4.629s][info][gc] GC(4) Garbage Collection (Allocation Stall) 16M(100%)->10M(62%)
[4.741s][info][gc] GC(5) Garbage Collection (Allocation Rate) 12M(75%)->8M(50%)
[4.843s][info][gc] GC(6) Garbage Collection (Allocation Rate) 10M(62%)->8M(50%)
[4.948s][info][gc] GC(7) Garbage Collection (Allocation Rate) 10M(62%)->10M(62%)
[5.046s][info][gc] GC(8) Garbage Collection (Allocation Rate) 10M(62%)->10M(62%)
[5.178s][info][gc] GC(9) Garbage Collection (Allocation Rate) 10M(62%)->10M(62%)
[5.266s][info][gc] GC(10) Garbage Collection (Allocation Rate) 10M(62%)->10M(62%)
[5.345s][info][gc] GC(11) Garbage Collection (Allocation Rate) 10M(62%)->8M(50%)
[5.462s][info][gc] GC(12) Garbage Collection (Allocation Rate) 10M(62%)->10M(62%)
[5.564s][info][gc] GC(13) Garbage Collection (Allocation Rate) 10M(62%)->10M(62%)
[5.642s][info][gc] GC(14) Garbage Collection (Allocation Rate) 10M(62%)->8M(50%)
[5.747s][info][gc] GC(15) Garbage Collection (Allocation Rate) 10M(62%)->10M(62%)
[5.859s][info][gc] GC(16) Garbage Collection (Allocation Rate) 10M(62%)->10M(62%)
[5.942s][info][gc] GC(17) Garbage Collection (Allocation Rate) 10M(62%)->8M(50%)
[6.054s][info][gc] GC(18) Garbage Collection (Allocation Rate) 10M(62%)->10M(62%)
[6.143s][info][gc] GC(19) Garbage Collection (Allocation Rate) 10M(62%)->8M(50%)
[6.261s][info][gc] GC(20) Garbage Collection (Allocation Rate) 10M(62%)->10M(62%)
[6.345s][info][gc] GC(21) Garbage Collection (Allocation Rate) 10M(62%)->8M(50%)
[6.439s][info][gc] GC(22) Garbage Collection (Allocation Rate) 10M(62%)->8M(50%)
[6.567s][info][gc] GC(23) Garbage Collection (Allocation Rate) 10M(62%)->10M(62%)
[6.654s][info][gc] GC(24) Garbage Collection (Allocation Rate) 10M(62%)->10M(62%)
[7.045s][info][gc] GC(25) Garbage Collection (Allocation Rate) 10M(62%)->8M(50%)
[7.147s][info][gc] GC(26) Garbage Collection (Allocation Rate) 10M(62%)->8M(50%)
[7.350s][info][gc] GC(27) Garbage Collection (Allocation Rate) 10M(62%)->8M(50%)
[8.541s][info][gc] GC(28) Garbage Collection (Proactive) 10M(62%)->10M(62%)
[18.037s][info][gc] GC(29) Garbage Collection (Proactive) 12M(75%)->8M(50%)
[19.277s][info][gc] GC(30) Garbage Collection (Proactive) 10M(62%)->10M(62%)
[29.034s][info][gc] GC(31) Garbage Collection (Proactive) 12M(75%)->8M(50%)
[32.044s][info][gc] GC(32) Garbage Collection (Proactive) 10M(62%)->8M(50%)
[34.033s][info][gc] GC(33) Garbage Collection (Proactive) 10M(62%)->8M(50%)
[35.440s][info][gc] GC(34) Garbage Collection (Proactive) 10M(62%)->8M(50%)
[36.642s][info][gc] GC(35) Garbage Collection (Proactive) 12M(75%)->10M(62%)
[37.647s][info][gc] GC(36) Garbage Collection (Proactive) 12M(75%)->10M(62%)
[38.649s][info][gc] GC(37) Garbage Collection (Proactive) 12M(75%)->10M(62%)
[39.638s][info][gc] GC(38) Garbage Collection (Proactive) 12M(75%)->10M(62%)
[40.541s][info][gc] GC(39) Garbage Collection (Proactive) 12M(75%)->10M(62%)
[41.446s][info][gc] GC(40) Garbage Collection (Proactive) 12M(75%)->10M(62%)
[42.251s][info][gc] GC(41) Garbage Collection (Proactive) 12M(75%)->10M(62%)
[43.631s][info][gc] GC(42) Garbage Collection (Proactive) 12M(75%)->10M(62%)
[44.939s][info][gc] GC(43) Garbage Collection (Proactive) 12M(75%)->10M(62%)
[46.044s][info][gc] GC(44) Garbage Collection (Proactive) 12M(75%)->12M(75%)
[57.140s][info][gc] GC(45) Garbage Collection (Allocation Rate) 14M(88%)->10M(62%)
[58.265s][info][gc] GC(46) Garbage Collection (Proactive) 12M(75%)->10M(62%)
[61.269s][info][gc] GC(47) Garbage Collection (Proactive) 12M(75%)->10M(62%)
[62.321s][info][gc] Allocation Stall (main) 13.189ms
[62.321s][info][gc] GC(48) Garbage Collection (Allocation Stall) 16M(100%)->14M(88%)
[62.338s][info][gc] Allocation Stall (main) 11.068ms
[62.338s][info][gc] GC(49) Garbage Collection (Allocation Stall) 16M(100%)->14M(88%)
[62.352s][info][gc] Allocation Stall (main) 10.990ms
[62.353s][info][gc] GC(50) Garbage Collection (Allocation Stall) 16M(100%)->14M(88%)
[62.367s][info][gc] Allocation Stall (main) 11.547ms
[62.367s][info][gc] GC(51) Garbage Collection (Allocation Stall) 16M(100%)->16M(100%)
[62.380s][info][gc] Allocation Stall (main) 11.265ms
[62.380s][info][gc] GC(52) Garbage Collection (Allocation Stall) 16M(100%)->16M(100%)
[62.393s][info][gc] Allocation Stall (main) 11.143ms
[62.393s][info][gc] GC(53) Garbage Collection (Allocation Stall) 16M(100%)->16M(100%)
[62.406s][info][gc] GC(54) Garbage Collection (Allocation Stall) 16M(100%)->16M(100%)
[62.406s][info][gc] Allocation Stall (main) 11.320ms
[62.420s][info][gc] Allocation Stall (main) 11.597ms
[62.420s][info][gc] GC(55) Garbage Collection (Allocation Stall) 16M(100%)->16M(100%)
[62.432s][info][gc] Allocation Stall (main) 11.120ms
[62.432s][info][gc] GC(56) Garbage Collection (Allocation Rate) 16M(100%)->16M(100%)
[62.446s][info][gc] Allocation Stall (main) 11.427ms
[62.446s][info][gc] GC(57) Garbage Collection (Allocation Stall) 16M(100%)->16M(100%)
[62.458s][info][gc] GC(58) Garbage Collection (Allocation Stall) 16M(100%)->16M(100%)
[62.458s][info][gc] Allocation Stall (main) 11.258ms
[62.471s][info][gc] Allocation Stall (main) 11.897ms
[62.471s][info][gc] GC(59) Garbage Collection (Allocation Stall) 16M(100%)->16M(100%)
[62.484s][info][gc] Allocation Stall (main) 11.362ms
[62.484s][info][gc] GC(60) Garbage Collection (Allocation Stall) 16M(100%)->10M(62%)
[62.532s][info][gc] GC(61) Garbage Collection (Allocation Rate) 10M(62%)->10M(62%)
[62.638s][info][gc] GC(62) Garbage Collection (Allocation Rate) 10M(62%)->10M(62%)
[62.755s][info][gc] GC(63) Garbage Collection (Allocation Rate) 10M(62%)->10M(62%)
[62.858s][info][gc] GC(64) Garbage Collection (Allocation Rate) 10M(62%)->10M(62%)
[62.979s][info][gc] GC(65) Garbage Collection (Allocation Rate) 10M(62%)->10M(62%)
[63.035s][info][gc] GC(66) Garbage Collection (Allocation Rate) 10M(62%)->10M(62%)
[63.135s][info][gc] GC(67) Garbage Collection (Allocation Rate) 12M(75%)->10M(62%)
[63.239s][info][gc] GC(68) Garbage Collection (Allocation Rate) 10M(62%)->10M(62%)
[63.359s][info][gc] GC(69) Garbage Collection (Allocation Rate) 10M(62%)->10M(62%)
[63.456s][info][gc] GC(70) Garbage Collection (Allocation Rate) 10M(62%)->10M(62%)
[63.557s][info][gc] GC(71) Garbage Collection (Allocation Rate) 10M(62%)->10M(62%)
[63.659s][info][gc] GC(72) Garbage Collection (Allocation Rate) 10M(62%)->10M(62%)
[63.760s][info][gc] GC(73) Garbage Collection (Allocation Rate) 10M(62%)->10M(62%)
[63.845s][info][gc] GC(74) Garbage Collection (Allocation Rate) 10M(62%)->10M(62%)
[63.965s][info][gc] GC(75) Garbage Collection (Allocation Rate) 10M(62%)->10M(62%)
[64.037s][info][gc] GC(76) Garbage Collection (Allocation Rate) 10M(62%)->10M(62%)
[64.137s][info][gc] GC(77) Garbage Collection (Allocation Rate) 12M(75%)->10M(62%)
[64.247s][info][gc] GC(78) Garbage Collection (Allocation Rate) 10M(62%)->10M(62%)
[65.846s][info][gc] GC(79) Garbage Collection (Proactive) 12M(75%)->10M(62%)
[67.145s][info][gc] GC(80) Garbage Collection (Proactive) 12M(75%)->10M(62%)
[68.233s][info][gc] GC(81) Garbage Collection (Proactive) 12M(75%)->10M(62%)
[69.136s][info][gc] GC(82) Garbage Collection (Proactive) 12M(75%)->10M(62%)
[70.138s][info][gc] GC(83) Garbage Collection (Proactive) 12M(75%)->10M(62%)
[71.142s][info][gc] GC(84) Garbage Collection (Proactive) 12M(75%)->10M(62%)
[72.144s][info][gc] GC(85) Garbage Collection (Proactive) 12M(75%)->10M(62%)
[73.132s][info][gc] GC(86) Garbage Collection (Proactive) 12M(75%)->10M(62%)
[74.134s][info][gc] GC(87) Garbage Collection (Proactive) 12M(75%)->10M(62%)
[75.138s][info][gc] GC(88) Garbage Collection (Proactive) 12M(75%)->12M(75%)
[87.246s][info][gc] GC(89) Garbage Collection (Allocation Rate) 14M(88%)->10M(62%)
[88.234s][info][gc] GC(90) Garbage Collection (Proactive) 12M(75%)->10M(62%)
[89.238s][info][gc] GC(91) Garbage Collection (Proactive) 12M(75%)->10M(62%)
[90.240s][info][gc] GC(92) Garbage Collection (Proactive) 12M(75%)->10M(62%)
[91.253s][info][gc] GC(93) Garbage Collection (Proactive) 12M(75%)->12M(75%)
[92.246s][info][gc] GC(94) Garbage Collection (Allocation Rate) 14M(88%)->12M(75%)
[93.334s][info][gc] GC(95) Garbage Collection (Allocation Rate) 14M(88%)->12M(75%)
[94.349s][info][gc] GC(96) Garbage Collection (Allocation Rate) 14M(88%)->12M(75%)
[95.351s][info][gc] GC(97) Garbage Collection (Allocation Rate) 14M(88%)->12M(75%)
[96.341s][info][gc] GC(98) Garbage Collection (Allocation Rate) 14M(88%)->12M(75%)
[96.743s][info][gc] GC(99) Garbage Collection (Allocation Rate) 14M(88%)->10M(62%)
[97.746s][info][gc] GC(100) Garbage Collection (Proactive) 12M(75%)->10M(62%)
[98.749s][info][gc] GC(101) Garbage Collection (Proactive) 12M(75%)->10M(62%)
[99.634s][info][gc] GC(102) Garbage Collection (Proactive) 12M(75%)->10M(62%)
[100.535s][info][gc] GC(103) Garbage Collection (Proactive) 12M(75%)->10M(62%)
[101.439s][info][gc] GC(104) Garbage Collection (Proactive) 12M(75%)->10M(62%)
[102.450s][info][gc] GC(105) Garbage Collection (Proactive) 12M(75%)->10M(62%)
[103.446s][info][gc] GC(106) Garbage Collection (Proactive) 12M(75%)->10M(62%)
[104.344s][info][gc] GC(107) Garbage Collection (Proactive) 12M(75%)->10M(62%)
[105.331s][info][gc] GC(108) Garbage Collection (Proactive) 12M(75%)->10M(62%)
[106.335s][info][gc] GC(109) Garbage Collection (Proactive) 12M(75%)->10M(62%)
[107.337s][info][gc] GC(110) Garbage Collection (Proactive) 12M(75%)->10M(62%)
[108.340s][info][gc] GC(111) Garbage Collection (Proactive) 12M(75%)->10M(62%)
[109.343s][info][gc] GC(112) Garbage Collection (Proactive) 12M(75%)->10M(62%)
[110.346s][info][gc] GC(113) Garbage Collection (Proactive) 12M(75%)->10M(62%)
[111.333s][info][gc] GC(114) Garbage Collection (Proactive) 12M(75%)->10M(62%)
[112.336s][info][gc] GC(115) Garbage Collection (Proactive) 12M(75%)->10M(62%)
[113.339s][info][gc] GC(116) Garbage Collection (Proactive) 12M(75%)->10M(62%)
[114.346s][info][gc] GC(117) Garbage Collection (Proactive) 12M(75%)->12M(75%)
[115.933s][info][gc] GC(118) Garbage Collection (Allocation Rate) 12M(75%)->10M(62%)
[116.837s][info][gc] GC(119) Garbage Collection (Proactive) 12M(75%)->10M(62%)
[117.758s][info][gc] GC(120) Garbage Collection (Proactive) 12M(75%)->10M(62%)
[120.552s][info][gc] GC(121) Garbage Collection (Proactive) 12M(75%)->10M(62%)
[122.450s][info][gc] GC(122) Garbage Collection (Allocation Rate) 14M(88%)->12M(75%)
[123.431s][info][gc] GC(123) Garbage Collection (Allocation Rate) 14M(88%)->12M(75%)
[124.437s][info][gc] GC(124) Garbage Collection (Allocation Rate) 14M(88%)->12M(75%)
[124.946s][info][gc] GC(125) Garbage Collection (Allocation Rate) 14M(88%)->12M(75%)
[125.434s][info][gc] GC(126) Garbage Collection (Allocation Rate) 14M(88%)->12M(75%)
[126.437s][info][gc] GC(127) Garbage Collection (Allocation Rate) 14M(88%)->12M(75%)
[127.445s][info][gc] GC(128) Garbage Collection (Allocation Rate) 14M(88%)->12M(75%)
[128.433s][info][gc] GC(129) Garbage Collection (Allocation Rate) 14M(88%)->12M(75%)
[129.435s][info][gc] GC(130) Garbage Collection (Allocation Rate) 14M(88%)->12M(75%)
[130.443s][info][gc] GC(131) Garbage Collection (Allocation Rate) 14M(88%)->12M(75%)
[131.450s][info][gc] GC(132) Garbage Collection (Allocation Rate) 14M(88%)->12M(75%)
[132.437s][info][gc] GC(133) Garbage Collection (Allocation Rate) 14M(88%)->12M(75%)
[133.433s][info][gc] GC(134) Garbage Collection (Allocation Rate) 14M(88%)->12M(75%)
[134.440s][info][gc] GC(135) Garbage Collection (Allocation Rate) 14M(88%)->12M(75%)
[135.532s][info][gc] GC(136) Garbage Collection (Allocation Rate) 14M(88%)->12M(75%)
[136.550s][info][gc] GC(137) Garbage Collection (Allocation Rate) 14M(88%)->12M(75%)
[137.547s][info][gc] GC(138) Garbage Collection (Allocation Rate) 14M(88%)->12M(75%)
[138.540s][info][gc] GC(139) Garbage Collection (Allocation Rate) 14M(88%)->12M(75%)
[139.550s][info][gc] GC(140) Garbage Collection (Allocation Rate) 14M(88%)->12M(75%)
[140.547s][info][gc] GC(141) Garbage Collection (Allocation Rate) 14M(88%)->12M(75%)
[141.533s][info][gc] GC(142) Garbage Collection (Allocation Rate) 14M(88%)->12M(75%)
[142.542s][info][gc] GC(143) Garbage Collection (Allocation Rate) 14M(88%)->12M(75%)
[143.640s][info][gc] GC(144) Garbage Collection (Allocation Rate) 14M(88%)->12M(75%)
[144.651s][info][gc] GC(145) Garbage Collection (Allocation Rate) 14M(88%)->12M(75%)
[145.643s][info][gc] GC(146) Garbage Collection (Allocation Rate) 14M(88%)->12M(75%)
[146.632s][info][gc] GC(147) Garbage Collection (Allocation Rate) 14M(88%)->12M(75%)
[147.647s][info][gc] GC(148) Garbage Collection (Allocation Rate) 14M(88%)->12M(75%)
[148.634s][info][gc] GC(149) Garbage Collection (Allocation Rate) 14M(88%)->12M(75%)
[149.647s][info][gc] GC(150) Garbage Collection (Allocation Rate) 14M(88%)->12M(75%)
[150.643s][info][gc] GC(151) Garbage Collection (Allocation Rate) 14M(88%)->12M(75%)
[151.651s][info][gc] GC(152) Garbage Collection (Allocation Rate) 14M(88%)->12M(75%)
[152.751s][info][gc] GC(153) Garbage Collection (Allocation Rate) 14M(88%)->12M(75%)
[153.739s][info][gc] GC(154) Garbage Collection (Allocation Rate) 14M(88%)->12M(75%)
[154.746s][info][gc] GC(155) Garbage Collection (Allocation Rate) 14M(88%)->12M(75%)
[155.738s][info][gc] GC(156) Garbage Collection (Allocation Rate) 14M(88%)->12M(75%)
[156.749s][info][gc] GC(157) Garbage Collection (Allocation Rate) 14M(88%)->12M(75%)
[157.737s][info][gc] GC(158) Garbage Collection (Allocation Rate) 14M(88%)->12M(75%)
[158.743s][info][gc] GC(159) Garbage Collection (Allocation Rate) 14M(88%)->12M(75%)
[159.742s][info][gc] GC(160) Garbage Collection (Allocation Rate) 14M(88%)->12M(75%)
[160.838s][info][gc] GC(161) Garbage Collection (Allocation Rate) 14M(88%)->12M(75%)
[161.835s][info][gc] GC(162) Garbage Collection (Allocation Rate) 14M(88%)->12M(75%)
[162.843s][info][gc] GC(163) Garbage Collection (Allocation Rate) 14M(88%)->12M(75%)
[163.841s][info][gc] GC(164) Garbage Collection (Allocation Rate) 14M(88%)->12M(75%)
[164.840s][info][gc] GC(165) Garbage Collection (Allocation Rate) 14M(88%)->12M(75%)
[165.849s][info][gc] GC(166) Garbage Collection (Allocation Rate) 14M(88%)->12M(75%)
[166.837s][info][gc] GC(167) Garbage Collection (Allocation Rate) 14M(88%)->12M(75%)
[167.845s][info][gc] GC(168) Garbage Collection (Allocation Rate) 14M(88%)->12M(75%)
[168.847s][info][gc] GC(169) Garbage Collection (Allocation Rate) 14M(88%)->12M(75%)
[169.946s][info][gc] GC(170) Garbage Collection (Allocation Rate) 14M(88%)->12M(75%)
[170.934s][info][gc] GC(171) Garbage Collection (Allocation Rate) 14M(88%)->12M(75%)
[171.933s][info][gc] GC(172) Garbage Collection (Allocation Rate) 14M(88%)->12M(75%)
[172.940s][info][gc] GC(173) Garbage Collection (Allocation Rate) 14M(88%)->12M(75%)
[173.948s][info][gc] GC(174) Garbage Collection (Allocation Rate) 14M(88%)->12M(75%)
[174.936s][info][gc] GC(175) Garbage Collection (Allocation Rate) 14M(88%)->12M(75%)
[175.951s][info][gc] GC(176) Garbage Collection (Allocation Rate) 14M(88%)->12M(75%)
[176.947s][info][gc] GC(177) Garbage Collection (Allocation Rate) 14M(88%)->12M(75%)
[178.034s][info][gc] GC(178) Garbage Collection (Allocation Rate) 14M(88%)->12M(75%)
[179.050s][info][gc] GC(179) Garbage Collection (Allocation Rate) 14M(88%)->12M(75%)
[180.031s][info][gc] GC(180) Garbage Collection (Allocation Rate) 14M(88%)->12M(75%)
[181.040s][info][gc] GC(181) Garbage Collection (Allocation Rate) 14M(88%)->12M(75%)
[182.036s][info][gc] GC(182) Garbage Collection (Allocation Rate) 14M(88%)->12M(75%)
[183.044s][info][gc] GC(183) Garbage Collection (Allocation Rate) 14M(88%)->12M(75%)
[184.036s][info][gc] GC(184) Garbage Collection (Allocation Rate) 14M(88%)->12M(75%)
[184.943s][info][gc] GC(185) Garbage Collection (Allocation Rate) 14M(88%)->12M(75%)
[185.042s][info][gc] GC(186) Garbage Collection (Allocation Rate) 14M(88%)->12M(75%)
[186.042s][info][gc] GC(187) Garbage Collection (Allocation Rate) 14M(88%)->12M(75%)
[187.134s][info][gc] GC(188) Garbage Collection (Allocation Rate) 14M(88%)->12M(75%)
[188.132s][info][gc] GC(189) Garbage Collection (Allocation Rate) 14M(88%)->12M(75%)
[189.140s][info][gc] GC(190) Garbage Collection (Allocation Rate) 14M(88%)->12M(75%)
[190.132s][info][gc] GC(191) Garbage Collection (Allocation Rate) 14M(88%)->12M(75%)
[191.135s][info][gc] GC(192) Garbage Collection (Allocation Rate) 14M(88%)->12M(75%)
[192.133s][info][gc] GC(193) Garbage Collection (Allocation Rate) 14M(88%)->12M(75%)
[193.138s][info][gc] GC(194) Garbage Collection (Allocation Rate) 14M(88%)->12M(75%)
[194.137s][info][gc] GC(195) Garbage Collection (Allocation Rate) 14M(88%)->12M(75%)
[195.232s][info][gc] GC(196) Garbage Collection (Allocation Rate) 14M(88%)->12M(75%)
[196.234s][info][gc] GC(197) Garbage Collection (Allocation Rate) 14M(88%)->12M(75%)
[197.237s][info][gc] GC(198) Garbage Collection (Allocation Rate) 14M(88%)->12M(75%)
[198.249s][info][gc] GC(199) Garbage Collection (Allocation Rate) 14M(88%)->12M(75%)
[199.239s][info][gc] GC(200) Garbage Collection (Allocation Rate) 14M(88%)->12M(75%)
[200.235s][info][gc] GC(201) Garbage Collection (Allocation Rate) 14M(88%)->12M(75%)
[201.240s][info][gc] GC(202) Garbage Collection (Allocation Rate) 14M(88%)->12M(75%)
[202.232s][info][gc] GC(203) Garbage Collection (Allocation Rate) 14M(88%)->12M(75%)
[203.233s][info][gc] GC(204) Garbage Collection (Allocation Rate) 14M(88%)->12M(75%)
[204.248s][info][gc] GC(205) Garbage Collection (Allocation Rate) 14M(88%)->12M(75%)
[205.339s][info][gc] GC(206) Garbage Collection (Allocation Rate) 14M(88%)->12M(75%)
[206.338s][info][gc] GC(207) Garbage Collection (Allocation Rate) 14M(88%)->12M(75%)
[207.336s][info][gc] GC(208) Garbage Collection (Allocation Rate) 14M(88%)->12M(75%)
[208.333s][info][gc] GC(209) Garbage Collection (Allocation Rate) 14M(88%)->12M(75%)
[209.343s][info][gc] GC(210) Garbage Collection (Allocation Rate) 14M(88%)->12M(75%)
[210.046s][info][gc] GC(211) Garbage Collection (Allocation Rate) 14M(88%)->10M(62%)
[210.954s][info][gc] GC(212) Garbage Collection (Proactive) 12M(75%)->10M(62%)
[212.336s][info][gc] GC(213) Garbage Collection (Proactive) 12M(75%)->10M(62%)
[213.540s][info][gc] GC(214) Garbage Collection (Proactive) 12M(75%)->10M(62%)
[214.463s][info][gc] GC(215) Garbage Collection (Proactive) 12M(75%)->10M(62%)
[217.349s][info][gc] GC(216) Garbage Collection (Proactive) 12M(75%)->10M(62%)
[219.635s][info][gc] GC(217) Garbage Collection (Proactive) 12M(75%)->10M(62%)
[221.142s][info][gc] GC(218) Garbage Collection (Proactive) 12M(75%)->10M(62%)
[222.446s][info][gc] GC(219) Garbage Collection (Proactive) 12M(75%)->10M(62%)
[223.547s][info][gc] GC(220) Garbage Collection (Proactive) 12M(75%)->10M(62%)
[224.556s][info][gc] GC(221) Garbage Collection (Proactive) 12M(75%)->10M(62%)
[227.548s][info][gc] GC(222) Garbage Collection (Proactive) 12M(75%)->10M(62%)
[229.736s][info][gc] GC(223) Garbage Collection (Proactive) 12M(75%)->10M(62%)
[231.344s][info][gc] GC(224) Garbage Collection (Proactive) 12M(75%)->10M(62%)
[232.835s][info][gc] GC(225) Garbage Collection (Proactive) 12M(75%)->10M(62%)
[234.140s][info][gc] GC(226) Garbage Collection (Proactive) 12M(75%)->10M(62%)
[235.242s][info][gc] GC(227) Garbage Collection (Proactive) 12M(75%)->10M(62%)
[236.248s][info][gc] GC(228) Garbage Collection (Proactive) 12M(75%)->10M(62%)
[237.445s][info][gc] GC(229) Garbage Collection (Proactive) 12M(75%)->10M(62%)
[238.636s][info][gc] GC(230) Garbage Collection (Proactive) 12M(75%)->10M(62%)
[239.740s][info][gc] GC(231) Garbage Collection (Proactive) 12M(75%)->10M(62%)
[240.740s][info][gc] GC(232) Garbage Collection (Proactive) 12M(75%)->10M(62%)
[241.662s][info][gc] GC(233) Garbage Collection (Proactive) 12M(75%)->10M(62%)
